[22:34:09] 骨架 classic：train 105605 / val 13200
[22:34:25] UNet 11.88M | in_ch=3 | T=1000 | schedule=cosine | cond_dim=36
[22:34:25] train (105605, 4, 64, 64) | val (13200, 4, 64, 64) | 数据 105605 张
[22:34:27] 从 models\diff_v1\latest.pt 续训：epoch 37 step 81400
[22:34:27] batch 48 | 2200 step/epoch | 目标 200 epoch | AMP=True
[22:39:49] epoch 38/200 | 321.9s | mse=0.05359 | step=83600 | vram_peak=4.63GB
[22:45:01] epoch 39/200 | 311.2s | mse=0.05258 | step=85800 | vram_peak=4.63GB
[22:51:03] epoch 40/200 | 361.9s | mse=0.05247 | step=88000 | vram_peak=4.63GB
[22:56:38] epoch 41/200 | 333.8s | mse=0.05172 | step=90200 | vram_peak=4.63GB
[23:00:48] epoch 42/200 | 250.6s | mse=0.05218 | step=92400 | vram_peak=4.63GB
[23:05:16] epoch 43/200 | 267.0s | mse=0.05145 | step=94600 | vram_peak=4.63GB
[23:09:31] epoch 44/200 | 254.6s | mse=0.05176 | step=96800 | vram_peak=4.63GB
[00:30:15] 骨架 classic：train 105605 / val 13200
[00:30:31] UNet 11.88M | in_ch=3 | T=1000 | schedule=cosine | cond_dim=36
[00:30:31] train (105605, 4, 64, 64) | val (13200, 4, 64, 64) | 数据 105605 张
[00:30:32] 从 models\diff_v2_masked\latest.pt 续训：epoch 44 step 96800
[00:30:32] batch 48 | 2200 step/epoch | 目标 200 epoch | AMP=True
[00:35:00] epoch 45/200 | 267.5s | mse=0.05137 | step=99000 | vram_peak=4.63GB
[00:39:09] epoch 46/200 | 248.6s | mse=0.05093 | step=101200 | vram_peak=4.63GB
[00:43:17] epoch 47/200 | 247.7s | mse=0.05121 | step=103400 | vram_peak=4.63GB
[00:47:25] epoch 48/200 | 248.0s | mse=0.05084 | step=105600 | vram_peak=4.63GB
[00:51:33] epoch 49/200 | 247.8s | mse=0.05094 | step=107800 | vram_peak=4.63GB
[00:55:32] epoch 50/200 | 238.8s | mse=0.05047 | step=110000 | vram_peak=4.63GB
[00:59:30] epoch 51/200 | 237.2s | mse=0.05059 | step=112200 | vram_peak=4.63GB
[01:03:28] epoch 52/200 | 237.5s | mse=0.05027 | step=114400 | vram_peak=4.63GB
[01:07:25] epoch 53/200 | 237.4s | mse=0.05020 | step=116600 | vram_peak=4.63GB
[01:11:23] epoch 54/200 | 237.5s | mse=0.04979 | step=118800 | vram_peak=4.63GB
[01:15:21] epoch 55/200 | 237.5s | mse=0.05004 | step=121000 | vram_peak=4.63GB
[01:19:19] epoch 56/200 | 237.6s | mse=0.04973 | step=123200 | vram_peak=4.63GB
[01:23:17] epoch 57/200 | 237.6s | mse=0.04967 | step=125400 | vram_peak=4.63GB
[01:27:15] epoch 58/200 | 237.4s | mse=0.04980 | step=127600 | vram_peak=4.63GB
[01:31:12] epoch 59/200 | 237.3s | mse=0.04977 | step=129800 | vram_peak=4.63GB
[01:35:10] epoch 60/200 | 237.3s | mse=0.04929 | step=132000 | vram_peak=4.63GB
[01:39:08] epoch 61/200 | 237.3s | mse=0.04966 | step=134200 | vram_peak=4.63GB
[01:43:05] epoch 62/200 | 237.1s | mse=0.04955 | step=136400 | vram_peak=4.63GB
[01:47:03] epoch 63/200 | 237.5s | mse=0.04913 | step=138600 | vram_peak=4.63GB
[01:51:00] epoch 64/200 | 236.8s | mse=0.04914 | step=140800 | vram_peak=4.63GB
[01:54:58] epoch 65/200 | 237.5s | mse=0.04915 | step=143000 | vram_peak=4.63GB
[01:58:55] epoch 66/200 | 236.8s | mse=0.04903 | step=145200 | vram_peak=4.63GB
[02:02:53] epoch 67/200 | 237.5s | mse=0.04908 | step=147400 | vram_peak=4.63GB
[02:06:50] epoch 68/200 | 236.9s | mse=0.04907 | step=149600 | vram_peak=4.63GB
[02:10:48] epoch 69/200 | 237.5s | mse=0.04884 | step=151800 | vram_peak=4.63GB
[02:14:45] epoch 70/200 | 237.1s | mse=0.04859 | step=154000 | vram_peak=4.63GB
[02:18:43] epoch 71/200 | 237.8s | mse=0.04814 | step=156200 | vram_peak=4.63GB
[02:22:40] epoch 72/200 | 236.9s | mse=0.04858 | step=158400 | vram_peak=4.63GB
[02:26:38] epoch 73/200 | 237.5s | mse=0.04827 | step=160600 | vram_peak=4.63GB
[02:30:36] epoch 74/200 | 237.4s | mse=0.04846 | step=162800 | vram_peak=4.63GB
[02:34:34] epoch 75/200 | 237.5s | mse=0.04848 | step=165000 | vram_peak=4.63GB
[02:38:31] epoch 76/200 | 237.0s | mse=0.04806 | step=167200 | vram_peak=4.63GB
[02:42:29] epoch 77/200 | 237.5s | mse=0.04822 | step=169400 | vram_peak=4.63GB
[02:46:26] epoch 78/200 | 237.0s | mse=0.04803 | step=171600 | vram_peak=4.63GB
[02:50:24] epoch 79/200 | 237.5s | mse=0.04817 | step=173800 | vram_peak=4.63GB
[02:54:21] epoch 80/200 | 237.2s | mse=0.04776 | step=176000 | vram_peak=4.63GB
[02:58:20] epoch 81/200 | 237.7s | mse=0.04793 | step=178200 | vram_peak=4.63GB
[03:02:17] epoch 82/200 | 237.0s | mse=0.04774 | step=180400 | vram_peak=4.63GB
[03:06:15] epoch 83/200 | 237.5s | mse=0.04774 | step=182600 | vram_peak=4.63GB
[03:10:12] epoch 84/200 | 237.1s | mse=0.04769 | step=184800 | vram_peak=4.63GB
[03:14:10] epoch 85/200 | 237.4s | mse=0.04769 | step=187000 | vram_peak=4.63GB
[03:18:07] epoch 86/200 | 237.3s | mse=0.04770 | step=189200 | vram_peak=4.63GB
[03:22:05] epoch 87/200 | 237.4s | mse=0.04763 | step=191400 | vram_peak=4.63GB
[03:26:03] epoch 88/200 | 237.2s | mse=0.04752 | step=193600 | vram_peak=4.63GB
[03:30:00] epoch 89/200 | 237.5s | mse=0.04754 | step=195800 | vram_peak=4.63GB
[03:33:58] epoch 90/200 | 237.3s | mse=0.04740 | step=198000 | vram_peak=4.63GB
[03:37:56] epoch 91/200 | 237.5s | mse=0.04742 | step=200200 | vram_peak=4.63GB
[03:41:53] epoch 92/200 | 237.1s | mse=0.04746 | step=202400 | vram_peak=4.63GB
[03:45:51] epoch 93/200 | 237.6s | mse=0.04739 | step=204600 | vram_peak=4.63GB
[03:49:49] epoch 94/200 | 237.2s | mse=0.04739 | step=206800 | vram_peak=4.63GB
[03:53:46] epoch 95/200 | 237.3s | mse=0.04679 | step=209000 | vram_peak=4.63GB
[03:57:44] epoch 96/200 | 237.1s | mse=0.04717 | step=211200 | vram_peak=4.63GB
[04:01:41] epoch 97/200 | 237.6s | mse=0.04713 | step=213400 | vram_peak=4.63GB
[04:05:39] epoch 98/200 | 237.1s | mse=0.04719 | step=215600 | vram_peak=4.63GB
[04:09:36] epoch 99/200 | 237.4s | mse=0.04682 | step=217800 | vram_peak=4.63GB
[04:13:34] epoch 100/200 | 237.2s | mse=0.04675 | step=220000 | vram_peak=4.63GB
[04:17:32] epoch 101/200 | 237.2s | mse=0.04701 | step=222200 | vram_peak=4.63GB
[04:21:29] epoch 102/200 | 237.3s | mse=0.04669 | step=224400 | vram_peak=4.63GB
[04:25:27] epoch 103/200 | 237.3s | mse=0.04685 | step=226600 | vram_peak=4.63GB
[04:29:24] epoch 104/200 | 237.1s | mse=0.04687 | step=228800 | vram_peak=4.63GB
[04:33:22] epoch 105/200 | 237.2s | mse=0.04646 | step=231000 | vram_peak=4.63GB
[04:37:20] epoch 106/200 | 237.4s | mse=0.04704 | step=233200 | vram_peak=4.63GB
[04:41:18] epoch 107/200 | 238.5s | mse=0.04641 | step=235400 | vram_peak=4.63GB
[04:45:18] epoch 108/200 | 239.1s | mse=0.04667 | step=237600 | vram_peak=4.63GB
[04:49:16] epoch 109/200 | 237.9s | mse=0.04660 | step=239800 | vram_peak=4.63GB
[04:53:14] epoch 110/200 | 237.1s | mse=0.04630 | step=242000 | vram_peak=4.63GB
[04:57:11] epoch 111/200 | 237.1s | mse=0.04655 | step=244200 | vram_peak=4.63GB
[05:01:08] epoch 112/200 | 237.1s | mse=0.04624 | step=246400 | vram_peak=4.63GB
[05:05:06] epoch 113/200 | 237.1s | mse=0.04633 | step=248600 | vram_peak=4.63GB
[05:09:03] epoch 114/200 | 237.3s | mse=0.04606 | step=250800 | vram_peak=4.63GB
[05:13:01] epoch 115/200 | 237.2s | mse=0.04619 | step=253000 | vram_peak=4.63GB
[05:16:59] epoch 116/200 | 237.4s | mse=0.04592 | step=255200 | vram_peak=4.63GB
[05:20:56] epoch 117/200 | 237.4s | mse=0.04652 | step=257400 | vram_peak=4.63GB
[05:24:54] epoch 118/200 | 237.3s | mse=0.04624 | step=259600 | vram_peak=4.63GB
[05:28:51] epoch 119/200 | 237.1s | mse=0.04625 | step=261800 | vram_peak=4.63GB
[05:32:49] epoch 120/200 | 237.5s | mse=0.04580 | step=264000 | vram_peak=4.63GB
[05:36:47] epoch 121/200 | 237.3s | mse=0.04571 | step=266200 | vram_peak=4.63GB
[05:40:45] epoch 122/200 | 237.5s | mse=0.04595 | step=268400 | vram_peak=4.63GB
[05:44:42] epoch 123/200 | 237.2s | mse=0.04596 | step=270600 | vram_peak=4.63GB
[05:48:40] epoch 124/200 | 237.5s | mse=0.04571 | step=272800 | vram_peak=4.63GB
[05:52:37] epoch 125/200 | 236.8s | mse=0.04598 | step=275000 | vram_peak=4.63GB
[05:56:35] epoch 126/200 | 237.7s | mse=0.04559 | step=277200 | vram_peak=4.63GB
[06:00:33] epoch 127/200 | 237.8s | mse=0.04643 | step=279400 | vram_peak=4.63GB
[06:04:32] epoch 128/200 | 238.3s | mse=0.04546 | step=281600 | vram_peak=4.63GB
[06:08:30] epoch 129/200 | 237.7s | mse=0.04587 | step=283800 | vram_peak=4.63GB
[06:12:29] epoch 130/200 | 238.4s | mse=0.04580 | step=286000 | vram_peak=4.63GB
[06:16:27] epoch 131/200 | 237.6s | mse=0.04540 | step=288200 | vram_peak=4.63GB
[06:20:25] epoch 132/200 | 238.3s | mse=0.04563 | step=290400 | vram_peak=4.63GB
[06:24:23] epoch 133/200 | 237.6s | mse=0.04575 | step=292600 | vram_peak=4.63GB
[06:28:22] epoch 134/200 | 238.3s | mse=0.04547 | step=294800 | vram_peak=4.63GB
[06:32:20] epoch 135/200 | 237.8s | mse=0.04578 | step=297000 | vram_peak=4.63GB
[06:36:18] epoch 136/200 | 238.3s | mse=0.04578 | step=299200 | vram_peak=4.63GB
[06:40:16] epoch 137/200 | 238.0s | mse=0.04572 | step=301400 | vram_peak=4.63GB
[06:44:15] epoch 138/200 | 238.7s | mse=0.04564 | step=303600 | vram_peak=4.63GB
[06:48:14] epoch 139/200 | 237.9s | mse=0.04539 | step=305800 | vram_peak=4.63GB
[06:52:12] epoch 140/200 | 238.4s | mse=0.04513 | step=308000 | vram_peak=4.63GB
[06:56:11] epoch 141/200 | 238.0s | mse=0.04562 | step=310200 | vram_peak=4.63GB
[07:00:10] epoch 142/200 | 238.3s | mse=0.04524 | step=312400 | vram_peak=4.63GB
[07:04:08] epoch 143/200 | 237.8s | mse=0.04553 | step=314600 | vram_peak=4.63GB
[07:08:06] epoch 144/200 | 238.4s | mse=0.04514 | step=316800 | vram_peak=4.63GB
[07:12:05] epoch 145/200 | 238.1s | mse=0.04552 | step=319000 | vram_peak=4.63GB
[07:16:04] epoch 146/200 | 238.5s | mse=0.04573 | step=321200 | vram_peak=4.63GB
[07:20:02] epoch 147/200 | 238.0s | mse=0.04506 | step=323400 | vram_peak=4.63GB
[07:24:22] epoch 148/200 | 260.0s | mse=0.04513 | step=325600 | vram_peak=4.63GB
[07:28:33] epoch 149/200 | 250.8s | mse=0.04504 | step=327800 | vram_peak=4.63GB
[07:32:43] epoch 150/200 | 249.5s | mse=0.04530 | step=330000 | vram_peak=4.63GB
[07:36:52] epoch 151/200 | 248.7s | mse=0.04526 | step=332200 | vram_peak=4.63GB
[07:41:02] epoch 152/200 | 249.1s | mse=0.04506 | step=334400 | vram_peak=4.63GB
[07:45:10] epoch 153/200 | 248.4s | mse=0.04547 | step=336600 | vram_peak=4.63GB
[07:49:12] epoch 154/200 | 241.6s | mse=0.04502 | step=338800 | vram_peak=4.63GB
[07:53:10] epoch 155/200 | 238.0s | mse=0.04506 | step=341000 | vram_peak=4.63GB
[07:57:09] epoch 156/200 | 238.7s | mse=0.04518 | step=343200 | vram_peak=4.63GB
[08:01:08] epoch 157/200 | 238.1s | mse=0.04507 | step=345400 | vram_peak=4.63GB
[08:05:07] epoch 158/200 | 239.1s | mse=0.04488 | step=347600 | vram_peak=4.63GB
[08:09:05] epoch 159/200 | 237.9s | mse=0.04444 | step=349800 | vram_peak=4.63GB
[08:13:04] epoch 160/200 | 238.7s | mse=0.04519 | step=352000 | vram_peak=4.63GB
[08:17:03] epoch 161/200 | 238.2s | mse=0.04461 | step=354200 | vram_peak=4.63GB
[08:21:02] epoch 162/200 | 238.9s | mse=0.04495 | step=356400 | vram_peak=4.63GB
[08:25:01] epoch 163/200 | 238.1s | mse=0.04488 | step=358600 | vram_peak=4.63GB
[08:29:00] epoch 164/200 | 238.7s | mse=0.04430 | step=360800 | vram_peak=4.63GB
[08:32:58] epoch 165/200 | 237.8s | mse=0.04447 | step=363000 | vram_peak=4.63GB
[08:36:57] epoch 166/200 | 238.4s | mse=0.04466 | step=365200 | vram_peak=4.63GB
[08:40:55] epoch 167/200 | 237.8s | mse=0.04482 | step=367400 | vram_peak=4.63GB
[08:44:54] epoch 168/200 | 238.4s | mse=0.04478 | step=369600 | vram_peak=4.63GB
[08:48:52] epoch 169/200 | 237.9s | mse=0.04481 | step=371800 | vram_peak=4.63GB
[08:52:51] epoch 170/200 | 238.5s | mse=0.04512 | step=374000 | vram_peak=4.63GB
[08:56:49] epoch 171/200 | 238.1s | mse=0.04474 | step=376200 | vram_peak=4.63GB
[09:00:48] epoch 172/200 | 238.5s | mse=0.04464 | step=378400 | vram_peak=4.63GB
[09:04:46] epoch 173/200 | 238.0s | mse=0.04492 | step=380600 | vram_peak=4.63GB
[09:08:45] epoch 174/200 | 238.4s | mse=0.04474 | step=382800 | vram_peak=4.63GB
[09:12:43] epoch 175/200 | 238.0s | mse=0.04451 | step=385000 | vram_peak=4.63GB
[09:16:42] epoch 176/200 | 238.5s | mse=0.04469 | step=387200 | vram_peak=4.63GB
[09:20:40] epoch 177/200 | 238.0s | mse=0.04439 | step=389400 | vram_peak=4.63GB
[09:24:39] epoch 178/200 | 238.4s | mse=0.04461 | step=391600 | vram_peak=4.63GB
[09:28:37] epoch 179/200 | 238.1s | mse=0.04467 | step=393800 | vram_peak=4.63GB
[09:32:36] epoch 180/200 | 238.5s | mse=0.04463 | step=396000 | vram_peak=4.63GB
[09:36:35] epoch 181/200 | 238.0s | mse=0.04426 | step=398200 | vram_peak=4.63GB
[09:40:34] epoch 182/200 | 238.4s | mse=0.04421 | step=400400 | vram_peak=4.63GB
[09:44:32] epoch 183/200 | 238.1s | mse=0.04482 | step=402600 | vram_peak=4.63GB
[09:48:31] epoch 184/200 | 238.3s | mse=0.04423 | step=404800 | vram_peak=4.63GB
[09:52:29] epoch 185/200 | 238.1s | mse=0.04463 | step=407000 | vram_peak=4.63GB
[09:56:28] epoch 186/200 | 238.5s | mse=0.04439 | step=409200 | vram_peak=4.63GB
[10:00:27] epoch 187/200 | 238.5s | mse=0.04441 | step=411400 | vram_peak=4.63GB
[10:04:25] epoch 188/200 | 238.6s | mse=0.04418 | step=413600 | vram_peak=4.63GB
[10:08:24] epoch 189/200 | 238.3s | mse=0.04440 | step=415800 | vram_peak=4.63GB
[10:12:22] epoch 190/200 | 237.9s | mse=0.04406 | step=418000 | vram_peak=4.63GB
[10:16:20] epoch 191/200 | 237.2s | mse=0.04424 | step=420200 | vram_peak=4.63GB
[10:20:17] epoch 192/200 | 237.5s | mse=0.04425 | step=422400 | vram_peak=4.63GB
[10:24:15] epoch 193/200 | 237.3s | mse=0.04409 | step=424600 | vram_peak=4.63GB
[10:28:13] epoch 194/200 | 237.4s | mse=0.04429 | step=426800 | vram_peak=4.63GB
[10:32:10] epoch 195/200 | 237.2s | mse=0.04394 | step=429000 | vram_peak=4.63GB
[10:36:08] epoch 196/200 | 237.6s | mse=0.04439 | step=431200 | vram_peak=4.63GB
[10:40:06] epoch 197/200 | 237.3s | mse=0.04406 | step=433400 | vram_peak=4.63GB
[10:44:04] epoch 198/200 | 237.7s | mse=0.04437 | step=435600 | vram_peak=4.63GB
[10:48:01] epoch 199/200 | 237.4s | mse=0.04415 | step=437800 | vram_peak=4.63GB
[10:51:59] epoch 200/200 | 237.4s | mse=0.04432 | step=440000 | vram_peak=4.63GB
[10:52:01] 训练结束
[11:26:51] 骨架 classic：train 105605 / val 13200
[11:27:32] 骨架 classic：train 105605 / val 13200
[11:27:47] UNet 11.88M | in_ch=3 | T=1000 | schedule=cosine | cond_dim=36
[11:27:47] train (105605, 4, 64, 64) | val (13200, 4, 64, 64) | 数据 105605 张
[11:27:55] 从 models\diff_v2_masked\latest.pt 续训：epoch 200 step 440000
[11:27:55] batch 48 | 2200 step/epoch | 目标 350 epoch | AMP=True
[11:31:54] epoch 201/350 | 239.4s | mse=0.04392 | step=442200 | vram_peak=4.63GB
[11:35:52] epoch 202/350 | 237.3s | mse=0.04388 | step=444400 | vram_peak=4.63GB
[11:39:49] epoch 203/350 | 236.4s | mse=0.04417 | step=446600 | vram_peak=4.63GB
[11:43:46] epoch 204/350 | 237.3s | mse=0.04393 | step=448800 | vram_peak=4.63GB
[11:47:43] epoch 205/350 | 236.5s | mse=0.04399 | step=451000 | vram_peak=4.63GB
[11:51:40] epoch 206/350 | 236.9s | mse=0.04399 | step=453200 | vram_peak=4.63GB
[11:55:37] epoch 207/350 | 236.3s | mse=0.04384 | step=455400 | vram_peak=4.63GB
[11:59:34] epoch 208/350 | 237.0s | mse=0.04389 | step=457600 | vram_peak=4.63GB
[12:03:31] epoch 209/350 | 236.4s | mse=0.04391 | step=459800 | vram_peak=4.63GB
[12:07:29] epoch 210/350 | 237.4s | mse=0.04364 | step=462000 | vram_peak=4.63GB
[12:11:25] epoch 211/350 | 236.6s | mse=0.04422 | step=464200 | vram_peak=4.63GB
[12:15:23] epoch 212/350 | 237.4s | mse=0.04360 | step=466400 | vram_peak=4.63GB
[12:19:20] epoch 213/350 | 236.6s | mse=0.04357 | step=468600 | vram_peak=4.63GB
[12:23:18] epoch 214/350 | 237.4s | mse=0.04400 | step=470800 | vram_peak=4.63GB
[12:27:15] epoch 215/350 | 236.7s | mse=0.04411 | step=473000 | vram_peak=4.63GB
[12:31:12] epoch 216/350 | 236.9s | mse=0.04356 | step=475200 | vram_peak=4.63GB
[12:35:09] epoch 217/350 | 236.6s | mse=0.04380 | step=477400 | vram_peak=4.63GB
[12:39:06] epoch 218/350 | 236.9s | mse=0.04398 | step=479600 | vram_peak=4.63GB
[12:43:03] epoch 219/350 | 236.7s | mse=0.04376 | step=481800 | vram_peak=4.63GB
[12:47:00] epoch 220/350 | 237.3s | mse=0.04378 | step=484000 | vram_peak=4.63GB
[12:50:58] epoch 221/350 | 236.8s | mse=0.04388 | step=486200 | vram_peak=4.63GB
[12:54:55] epoch 222/350 | 237.0s | mse=0.04374 | step=488400 | vram_peak=4.63GB
[12:58:52] epoch 223/350 | 236.5s | mse=0.04379 | step=490600 | vram_peak=4.63GB
[13:02:49] epoch 224/350 | 237.0s | mse=0.04399 | step=492800 | vram_peak=4.63GB
[13:06:46] epoch 225/350 | 236.7s | mse=0.04392 | step=495000 | vram_peak=4.63GB
[13:10:43] epoch 226/350 | 236.9s | mse=0.04365 | step=497200 | vram_peak=4.63GB
[13:14:40] epoch 227/350 | 236.7s | mse=0.04324 | step=499400 | vram_peak=4.63GB
[13:18:38] epoch 228/350 | 237.3s | mse=0.04375 | step=501600 | vram_peak=4.63GB
[13:22:35] epoch 229/350 | 236.7s | mse=0.04346 | step=503800 | vram_peak=4.63GB
[13:26:32] epoch 230/350 | 237.1s | mse=0.04361 | step=506000 | vram_peak=4.63GB
[13:30:30] epoch 231/350 | 237.0s | mse=0.04360 | step=508200 | vram_peak=4.63GB
[13:34:27] epoch 232/350 | 237.2s | mse=0.04356 | step=510400 | vram_peak=4.63GB
[13:38:25] epoch 233/350 | 237.1s | mse=0.04364 | step=512600 | vram_peak=4.63GB
[13:42:22] epoch 234/350 | 237.0s | mse=0.04356 | step=514800 | vram_peak=4.63GB
[13:46:19] epoch 235/350 | 236.8s | mse=0.04343 | step=517000 | vram_peak=4.63GB
[13:50:16] epoch 236/350 | 236.9s | mse=0.04314 | step=519200 | vram_peak=4.63GB
[13:54:14] epoch 237/350 | 236.8s | mse=0.04343 | step=521400 | vram_peak=4.63GB
[13:58:11] epoch 238/350 | 237.0s | mse=0.04341 | step=523600 | vram_peak=4.63GB
[14:02:08] epoch 239/350 | 236.7s | mse=0.04342 | step=525800 | vram_peak=4.63GB
[14:06:05] epoch 240/350 | 237.0s | mse=0.04335 | step=528000 | vram_peak=4.63GB
[14:10:02] epoch 241/350 | 236.7s | mse=0.04354 | step=530200 | vram_peak=4.63GB
[14:14:00] epoch 242/350 | 236.9s | mse=0.04351 | step=532400 | vram_peak=4.63GB
[14:17:57] epoch 243/350 | 236.9s | mse=0.04344 | step=534600 | vram_peak=4.63GB
[14:21:54] epoch 244/350 | 236.7s | mse=0.04337 | step=536800 | vram_peak=4.63GB
[14:25:51] epoch 245/350 | 236.8s | mse=0.04349 | step=539000 | vram_peak=4.63GB
[14:29:48] epoch 246/350 | 236.8s | mse=0.04328 | step=541200 | vram_peak=4.63GB
[14:33:45] epoch 247/350 | 236.8s | mse=0.04333 | step=543400 | vram_peak=4.63GB
[14:37:42] epoch 248/350 | 236.7s | mse=0.04347 | step=545600 | vram_peak=4.63GB
[14:41:39] epoch 249/350 | 237.0s | mse=0.04341 | step=547800 | vram_peak=4.63GB
[14:45:36] epoch 250/350 | 236.8s | mse=0.04319 | step=550000 | vram_peak=4.63GB
[14:49:34] epoch 251/350 | 237.0s | mse=0.04303 | step=552200 | vram_peak=4.63GB
[14:53:30] epoch 252/350 | 236.4s | mse=0.04319 | step=554400 | vram_peak=4.63GB
[14:57:28] epoch 253/350 | 236.9s | mse=0.04331 | step=556600 | vram_peak=4.63GB
[15:01:25] epoch 254/350 | 236.7s | mse=0.04343 | step=558800 | vram_peak=4.63GB
[15:05:22] epoch 255/350 | 237.3s | mse=0.04318 | step=561000 | vram_peak=4.63GB
[15:09:19] epoch 256/350 | 236.3s | mse=0.04325 | step=563200 | vram_peak=4.63GB
[15:13:16] epoch 257/350 | 237.2s | mse=0.04339 | step=565400 | vram_peak=4.63GB
[15:17:13] epoch 258/350 | 236.4s | mse=0.04306 | step=567600 | vram_peak=4.63GB
[15:21:11] epoch 259/350 | 237.3s | mse=0.04351 | step=569800 | vram_peak=4.63GB
[15:25:08] epoch 260/350 | 236.5s | mse=0.04317 | step=572000 | vram_peak=4.63GB
[15:29:05] epoch 261/350 | 237.1s | mse=0.04292 | step=574200 | vram_peak=4.63GB
[15:33:02] epoch 262/350 | 236.5s | mse=0.04329 | step=576400 | vram_peak=4.63GB
[15:36:59] epoch 263/350 | 237.0s | mse=0.04309 | step=578600 | vram_peak=4.63GB
[15:40:56] epoch 264/350 | 236.4s | mse=0.04285 | step=580800 | vram_peak=4.63GB
[15:44:54] epoch 265/350 | 237.3s | mse=0.04329 | step=583000 | vram_peak=4.63GB
[15:48:50] epoch 266/350 | 236.4s | mse=0.04285 | step=585200 | vram_peak=4.63GB
[15:52:48] epoch 267/350 | 237.1s | mse=0.04326 | step=587400 | vram_peak=4.63GB
[15:56:45] epoch 268/350 | 236.5s | mse=0.04313 | step=589600 | vram_peak=4.63GB
[16:00:42] epoch 269/350 | 237.0s | mse=0.04313 | step=591800 | vram_peak=4.63GB
[16:04:39] epoch 270/350 | 236.6s | mse=0.04304 | step=594000 | vram_peak=4.63GB
[16:08:36] epoch 271/350 | 237.0s | mse=0.04278 | step=596200 | vram_peak=4.63GB
[16:12:33] epoch 272/350 | 236.5s | mse=0.04286 | step=598400 | vram_peak=4.63GB
[16:16:30] epoch 273/350 | 237.0s | mse=0.04300 | step=600600 | vram_peak=4.63GB
[16:20:27] epoch 274/350 | 236.7s | mse=0.04306 | step=602800 | vram_peak=4.63GB
[16:24:25] epoch 275/350 | 237.0s | mse=0.04301 | step=605000 | vram_peak=4.63GB
[16:28:21] epoch 276/350 | 236.6s | mse=0.04278 | step=607200 | vram_peak=4.63GB
[16:32:19] epoch 277/350 | 236.9s | mse=0.04283 | step=609400 | vram_peak=4.63GB
[16:36:16] epoch 278/350 | 236.9s | mse=0.04289 | step=611600 | vram_peak=4.63GB
[16:40:14] epoch 279/350 | 237.8s | mse=0.04302 | step=613800 | vram_peak=4.63GB
[16:44:11] epoch 280/350 | 236.6s | mse=0.04290 | step=616000 | vram_peak=4.63GB
[16:48:08] epoch 281/350 | 237.0s | mse=0.04274 | step=618200 | vram_peak=4.63GB
[16:52:05] epoch 282/350 | 236.8s | mse=0.04282 | step=620400 | vram_peak=4.63GB
[16:56:02] epoch 283/350 | 236.8s | mse=0.04313 | step=622600 | vram_peak=4.63GB
[16:59:59] epoch 284/350 | 236.5s | mse=0.04279 | step=624800 | vram_peak=4.63GB
[17:03:56] epoch 285/350 | 236.8s | mse=0.04298 | step=627000 | vram_peak=4.63GB
[17:07:53] epoch 286/350 | 236.6s | mse=0.04326 | step=629200 | vram_peak=4.63GB
[17:11:50] epoch 287/350 | 236.7s | mse=0.04238 | step=631400 | vram_peak=4.63GB
[17:15:47] epoch 288/350 | 236.9s | mse=0.04291 | step=633600 | vram_peak=4.63GB
[17:19:45] epoch 289/350 | 237.1s | mse=0.04261 | step=635800 | vram_peak=4.63GB
[17:23:42] epoch 290/350 | 236.9s | mse=0.04271 | step=638000 | vram_peak=4.63GB
[17:27:39] epoch 291/350 | 236.9s | mse=0.04283 | step=640200 | vram_peak=4.63GB
[17:31:36] epoch 292/350 | 236.7s | mse=0.04304 | step=642400 | vram_peak=4.63GB
[17:35:34] epoch 293/350 | 237.1s | mse=0.04307 | step=644600 | vram_peak=4.63GB
[17:39:31] epoch 294/350 | 236.9s | mse=0.04284 | step=646800 | vram_peak=4.63GB
[17:43:28] epoch 295/350 | 236.8s | mse=0.04255 | step=649000 | vram_peak=4.63GB
[17:47:25] epoch 296/350 | 236.9s | mse=0.04252 | step=651200 | vram_peak=4.63GB
[17:51:22] epoch 297/350 | 236.8s | mse=0.04290 | step=653400 | vram_peak=4.63GB
[17:55:19] epoch 298/350 | 236.8s | mse=0.04285 | step=655600 | vram_peak=4.63GB
[17:59:18] epoch 299/350 | 237.8s | mse=0.04303 | step=657800 | vram_peak=4.63GB
[18:03:16] epoch 300/350 | 238.2s | mse=0.04285 | step=660000 | vram_peak=4.63GB
[18:07:15] epoch 301/350 | 238.0s | mse=0.04298 | step=662200 | vram_peak=4.63GB
[18:11:13] epoch 302/350 | 238.1s | mse=0.04323 | step=664400 | vram_peak=4.63GB
[18:15:11] epoch 303/350 | 238.0s | mse=0.04272 | step=666600 | vram_peak=4.63GB
[18:19:10] epoch 304/350 | 237.9s | mse=0.04274 | step=668800 | vram_peak=4.63GB
[18:23:07] epoch 305/350 | 237.4s | mse=0.04263 | step=671000 | vram_peak=4.63GB
[18:27:06] epoch 306/350 | 238.2s | mse=0.04281 | step=673200 | vram_peak=4.63GB
[18:31:04] epoch 307/350 | 238.1s | mse=0.04267 | step=675400 | vram_peak=4.63GB
[18:35:11] epoch 308/350 | 246.4s | mse=0.04262 | step=677600 | vram_peak=4.63GB
[18:39:36] epoch 309/350 | 265.1s | mse=0.04279 | step=679800 | vram_peak=4.63GB
[18:44:11] epoch 310/350 | 274.8s | mse=0.04262 | step=682000 | vram_peak=4.63GB
[18:48:41] epoch 311/350 | 269.3s | mse=0.04258 | step=684200 | vram_peak=4.63GB
[18:53:18] epoch 312/350 | 276.3s | mse=0.04269 | step=686400 | vram_peak=4.63GB
